../Core/Src/main.c:71:13:Led_Clear	1
../Core/Src/main.c:77:6:process_half	2
../Core/Src/main.c:87:6:HAL_I2SEx_TxRxHalfCpltCallback	1
../Core/Src/main.c:93:6:HAL_I2SEx_TxRxCpltCallback	1
../Core/Src/main.c:100:6:HAL_TIM_PeriodElapsedCallback	2
../Core/Src/main.c:111:5:main	4
../Core/Src/main.c:234:6:SystemClock_Config	3
../Core/Src/main.c:281:13:MX_I2C1_Init	2
../Core/Src/main.c:315:13:MX_I2S2_Init	2
../Core/Src/main.c:349:13:MX_TIM3_Init	4
../Core/Src/main.c:394:13:MX_USART2_UART_Init	2
../Core/Src/main.c:425:13:MX_DMA_Init	1
../Core/Src/main.c:449:13:MX_GPIO_Init	1
../Core/Src/main.c:521:6:Error_Handler	1
