../Core/Src/main.c:70:13:Led_Clear	8	static
../Core/Src/main.c:76:6:process_half	16	static
../Core/Src/main.c:86:6:HAL_I2SEx_TxRxHalfCpltCallback	16	static
../Core/Src/main.c:92:6:HAL_I2SEx_TxRxCpltCallback	16	static
../Core/Src/main.c:99:6:HAL_TIM_PeriodElapsedCallback	16	static
../Core/Src/main.c:110:5:main	24	static
../Core/Src/main.c:230:6:SystemClock_Config	88	static
../Core/Src/main.c:277:13:MX_I2C1_Init	8	static
../Core/Src/main.c:311:13:MX_I2S2_Init	8	static
../Core/Src/main.c:345:13:MX_TIM3_Init	32	static
../Core/Src/main.c:390:13:MX_USART2_UART_Init	8	static
../Core/Src/main.c:421:13:MX_DMA_Init	16	static
../Core/Src/main.c:442:13:MX_GPIO_Init	48	static
../Core/Src/main.c:514:6:Error_Handler	4	static,ignoring_inline_asm
