../Core/Src/main.c:106:5:main	16	static
../Core/Src/main.c:181:6:SystemClock_Config	88	static
../Core/Src/main.c:228:13:MX_I2C1_Init	8	static
../Core/Src/main.c:262:13:MX_I2S2_Init	8	static
../Core/Src/main.c:296:13:MX_TIM3_Init	32	static
../Core/Src/main.c:341:13:MX_USART2_UART_Init	8	static
../Core/Src/main.c:374:13:MX_GPIO_Init	48	static
../Core/Src/main.c:407:13:Led_Clear	8	static
../Core/Src/main.c:444:6:HAL_TIM_PeriodElapsedCallback	16	static
../Core/Src/main.c:454:6:Error_Handler	4	static,ignoring_inline_asm
