../Core/Src/main.c:70:13:Led_Clear	1
../Core/Src/main.c:74:6:process_half	2
../Core/Src/main.c:83:6:HAL_I2SEx_TxRxHalfCpltCallback	1
../Core/Src/main.c:89:6:HAL_I2SEx_TxRxCpltCallback	1
../Core/Src/main.c:96:6:HAL_TIM_PeriodElapsedCallback	2
../Core/Src/main.c:107:5:main	6
../Core/Src/main.c:216:6:SystemClock_Config	3
../Core/Src/main.c:263:13:MX_I2C1_Init	2
../Core/Src/main.c:297:13:MX_I2S2_Init	2
../Core/Src/main.c:331:13:MX_TIM3_Init	4
../Core/Src/main.c:376:13:MX_USART2_UART_Init	2
../Core/Src/main.c:407:13:MX_DMA_Init	1
../Core/Src/main.c:428:13:MX_GPIO_Init	1
../Core/Src/main.c:500:6:Error_Handler	1
