../Core/Src/main.c:71:13:Led_Clear	8	static
../Core/Src/main.c:77:6:process_half	16	static
../Core/Src/main.c:87:6:HAL_I2SEx_TxRxHalfCpltCallback	16	static
../Core/Src/main.c:94:6:HAL_I2SEx_TxRxCpltCallback	16	static
../Core/Src/main.c:110:6:HAL_TIM_PeriodElapsedCallback	16	static
../Core/Src/main.c:122:5:main	16	static
../Core/Src/main.c:245:6:SystemClock_Config	88	static
../Core/Src/main.c:292:13:MX_I2C1_Init	8	static
../Core/Src/main.c:326:13:MX_I2S2_Init	8	static
../Core/Src/main.c:360:13:MX_TIM3_Init	32	static
../Core/Src/main.c:405:13:MX_USART2_UART_Init	8	static
../Core/Src/main.c:436:13:MX_DMA_Init	16	static
../Core/Src/main.c:457:13:MX_GPIO_Init	48	static
../Core/Src/main.c:496:6:Error_Handler	4	static,ignoring_inline_asm
