Finished building target: NAS_periph_test.elf
 
arm-none-eabi-size   NAS_periph_test.elf 
arm-none-eabi-objdump -h -S  NAS_periph_test.elf  > "NAS_periph_test.list"
   text	   data	    bss	    dec	    hex	filename
  13160	     64	   1800	  15024	   3ab0	NAS_periph_test.elf
Finished building: default.size.stdout
 
Finished building: NAS_periph_test.list
 

14:18:03 Build Finished. 0 errors, 0 warnings. (took 1s.37ms)

14:18:04 **** Incremental Build of configuration Debug for project NAS_periph_test ****
make -j12 all 
arm-none-eabi-size   NAS_periph_test.elf 
   text	   data	    bss	    dec	    hex	filename
  13160	     64	   1800	  15024	   3ab0	NAS_periph_test.elf
Finished building: default.size.stdout
 

14:18:05 Build Finished. 0 errors, 0 warnings. (took 725ms)

14:18:05 **** Incremental Build of configuration Debug for project NAS_periph_test ****
make -j12 all 
arm-none-eabi-size   NAS_periph_test.elf 
   text	   data	    bss	    dec	    hex	filename
  13160	     64	   1800	  15024	   3ab0	NAS_periph_test.elf
Finished building: default.size.stdout
 

14:18:06 Build Finished. 0 errors, 0 warnings. (took 673ms)

14:18:06 **** Incremental Build of configuration Debug for project NAS_periph_test ****
make -j12 all 
arm-none-eabi-size   NAS_periph_test.elf 
   text	   data	    bss	    dec	    hex	filename
  13160	     64	   1800	  15024	   3ab0	NAS_periph_test.elf
Finished building: default.size.stdout
 
14:18:07 **** Incremental Build of configuration Debug for project NAS_periph_test ****
make -j12 all 
arm-none-eabi-size   NAS_periph_test.elf 
   text	   data	    bss	    dec	    hex	filename
  13160	     64	   1800	  15024	   3ab0	NAS_periph_test.elf
Finished building: default.size.stdout
 
14:18:08 **** Incremental Build of configuration Debug for project NAS_periph_test ****
make -j12 all 
arm-none-eabi-size   NAS_periph_test.elf 
   text	   data	    bss	    dec	    hex	filename
  13160	     64	   1800	  15024	   3ab0	NAS_periph_test.elf
Finished building: default.size.stdout
 
14:18:10 **** Incremental Build of configuration Debug for project NAS_periph_test ****
make -j12 all 
arm-none-eabi-size   NAS_periph_test.elf 
   text	   data	    bss	    dec	    hex	filename
  13160	     64	   1800	  15024	   3ab0	NAS_periph_test.elf
Finished building: default.size.stdout
 
